Are you running this on a computer WITHOUT a network connection of any kind? (y/n)?Have the wireless cards in this computer been physically removed? (y/n)?Are you running on battery power? (y/n)?Are you running on an operating system booted from a USB drive? (y/n)?Is your screen hidden from view of windows, cameras, and other people? (y/n)?Are smartphones and all other nearby devices turned off and in a Faraday bag? (y/n)?
You will need to enter several pieces of information to create a withdrawal transaction.


*** PLEASE BE SURE TO ENTER THE CORRECT DESTINATION ADDRESS ***


Source cold storage address: 
Redemption script for source cold storage address: 
Destination address: 
How many unspent transactions will you be using for this withdrawal? 
Please paste raw transaction #1 (hexadecimal format) with unspent outputs at the source address
OR
input a filename located in the current directory which contains the raw transaction data
(If the transaction data is over ~4000 characters long, you _must_ use a file.):

Transaction data found for source address.
TOTAL unspent amount for this raw transaction: 0.20000000 btc (200.00000 mbtc)

How many private keys will you be signing this transaction with? 
#: Key #1: Key #2: Key #3: 
Enter fee rate.
Satoshis per vbyte: 
Based on the provided rate, the fee will be 0.00002510 btc (0.02510 mbtc).
Confirm? (y/n): 
Please enter the decimal amount (in bitcoin) to withdraw to the destination address.

Example: For 2.3 bitcoins, enter "2.3".

After a fee of 0.00002510 btc (0.02510 mbtc), you have 0.19997490 btc (199.97490 mbtc) available to withdraw.

*** Technical note for experienced Bitcoin users:  If the withdrawal amount & fee are cumulatively less than the total amount of the unspent transactions, the remainder will be sent back to the same cold storage address as change. ***

Amount to send to mxBQD1QAYpwiudaCJdRhE9QSW9cokafJ99 (leave blank to withdraw all funds stored in these unspent transactions): 
Is this data correct?
*** WARNING: Incorrect data may lead to loss of funds ***

0.20000000 btc (200.00000 mbtc) in unspent supplied transactions
0 btc going back to cold storage address 2MvdcuGhBWhwiHjTr7XUSydtv5FmMge93jS
0.19997490 btc (199.97490 mbtc) going to destination address mxBQD1QAYpwiudaCJdRhE9QSW9cokafJ99
Fee amount: 0.00002510 btc (0.02510 mbtc)

Signing with private keys: 
cN5pwP2oCxokXYFdRVYczUqLqdA8GYqGWfRjaprrQXgHrS6PTHaD
cVyhd5Ei9HX2wSny8S2nYYtW2ubiUPhzdx1JUiSTjNicQJYTGLQV
cUv81BVz1JWuA9uwECPvfsoyA1TqmFJBJaQUPYrxkdf44zQSiTZY


Confirm? (y/n): 
Calculating transaction...


Sufficient private keys to execute transaction?
True

Raw signed transaction (hex):
0200000000010154f3a5ba6a5a2beb6975c59895ad36fe84aa622edbaa662dadbd6e2a7a8a846704000000232200208e03bd637ebfec049d19df78d90085141eacbd14034793155f3822fd58d3dc5effffffff0132233101000000001976a914b6c7733e23a271e57ca16e5cd885174917968db988ac0500473044022026a3995755a4fc934425408abe1ded0ad5a754ccf06316af83d7b65bec32fed60220372d091d5f1eb019af9f8b3e608f2b03d2fc73a5d57bb0d85093514c29fe19e701473044022009525be8181177413ff46a181eb92919f70da611d3817d235fa967d5d3cf342d022070633c04e010580a88d6bc68e45b30fe1a99a823cced4156eaa20aa617da3dd80147304402202b36d52788cf53d14f675a859b30055cf8d1199ae6fbc74053e77210b8ce38bb0220592e807994baff1a7997422288ee3fd420ad58a69748855f0855dab7e559ed2001ad53210320849607eed265c09f51cda0e972426558276384870651250aa4e8638c334ced2102766c70472a8a3de751d126eddac8436338f8447b1967b5aa3b12a2b9a6e712e921039080ddc448e7fe4985676a7d2d6567dfc2febb8207a6f29b9737233f4c3b44d62103fa2d2c07653afb0a73340ee9e6b10ff0d4624c93b01127e9a69efbed48468e0121029669b79d7e05f20ca7aa418edc839da904467253c9e47194cb83e69ee418315155ae00000000

Transaction fingerprint (md5):
ac8a70db2b77e9d4f14e245883cda06e
QR code for transaction written to transaction.png
