Are you running this on a computer WITHOUT a network connection of any kind? (y/n)?Have the wireless cards in this computer been physically removed? (y/n)?Are you running on battery power? (y/n)?Are you running on an operating system booted from a USB drive? (y/n)?Is your screen hidden from view of windows, cameras, and other people? (y/n)?Are smartphones and all other nearby devices turned off and in a Faraday bag? (y/n)?
You will need to enter several pieces of information to create a withdrawal transaction.


*** PLEASE BE SURE TO ENTER THE CORRECT DESTINATION ADDRESS ***


Source cold storage address: 
Redemption script for source cold storage address: 
Destination address: 
How many unspent transactions will you be using for this withdrawal? 
Please paste raw transaction #1 (hexadecimal format) with unspent outputs at the source address
OR
input a filename located in the current directory which contains the raw transaction data
(If the transaction data is over ~4000 characters long, you _must_ use a file.):

Transaction data found for source address.
TOTAL unspent amount for this raw transaction: 0.20000000 btc (200.00000 mbtc)

How many private keys will you be signing this transaction with? 
#: Key #1: Key #2: 
Enter fee rate.
Satoshis per vbyte: 
Based on the provided rate, the fee will be 0.00002160 btc (0.02160 mbtc).
Confirm? (y/n): 
Please enter the decimal amount (in bitcoin) to withdraw to the destination address.

Example: For 2.3 bitcoins, enter "2.3".

After a fee of 0.00002160 btc (0.02160 mbtc), you have 0.19997840 btc (199.97840 mbtc) available to withdraw.

*** Technical note for experienced Bitcoin users:  If the withdrawal amount & fee are cumulatively less than the total amount of the unspent transactions, the remainder will be sent back to the same cold storage address as change. ***

Amount to send to mxBQD1QAYpwiudaCJdRhE9QSW9cokafJ99 (leave blank to withdraw all funds stored in these unspent transactions): 
Is this data correct?
*** WARNING: Incorrect data may lead to loss of funds ***

0.20000000 btc (200.00000 mbtc) in unspent supplied transactions
0 btc going back to cold storage address 2MvQKEWTdtH7uM5C72quuMukWNFkFYjm34N
0.19997840 btc (199.97840 mbtc) going to destination address mxBQD1QAYpwiudaCJdRhE9QSW9cokafJ99
Fee amount: 0.00002160 btc (0.02160 mbtc)

Signing with private keys: 
cMvAmArzxkXMh8k5FcaRWLBA2SgDSc2U8q1YE5hSLSek1GuyFBP3
cPSsBu9SyNVAS2Evy3m4ELFx7KGnudH3N77Es83nafa2xVWJGRSe


Confirm? (y/n): 
Calculating transaction...


Sufficient private keys to execute transaction?
True

Raw signed transaction (hex):
0200000000010154f3a5ba6a5a2beb6975c59895ad36fe84aa622edbaa662dadbd6e2a7a8a84670300000023220020d017965b0cae52a8b6f6e43b00118be27dae84b825959dcb77ca6b5310e53ea3ffffffff0190243101000000001976a914b6c7733e23a271e57ca16e5cd885174917968db988ac040047304402201b0c3ad02553622a437b3f108d3e9d3716408c60e95628a17e6ebcfa00d7809e022056e6c447a2b12d9bb923ea50733cc48a21b62ff17ac7291d918ea008b6d1dd7701473044022056136d366d663e037f2a98c1e988b3b7b845115af27a227c22a854ec4030d490022023232483b21e822f069afff91161347b0b2ef83c6e87681b721454f9db9d907601695221035a0cf2b8ad46945154d80b339f730ac0cdbc39a95550a95821adf6df6e6e3c9421038f339e9149fda8496360d689b5d6b4d66f8e64e28b1c89846efd0831512eab882103442945263f31819baf5799dc9595eba49b8f6674dadf21189f717abd630ab15053ae00000000

Transaction fingerprint (md5):
09a77988e190f98c5f199fdbb64a1f7e
QR code for transaction written to transaction.png
