Are you running this on a computer WITHOUT a network connection of any kind? (y/n)?Have the wireless cards in this computer been physically removed? (y/n)?Are you running on battery power? (y/n)?Are you running on an operating system booted from a USB drive? (y/n)?Is your screen hidden from view of windows, cameras, and other people? (y/n)?Are smartphones and all other nearby devices turned off and in a Faraday bag? (y/n)?
You will need to enter several pieces of information to create a withdrawal transaction.


*** PLEASE BE SURE TO ENTER THE CORRECT DESTINATION ADDRESS ***


Source cold storage address: 
Redemption script for source cold storage address: 
Destination address: 
How many unspent transactions will you be using for this withdrawal? 
Please paste raw transaction #1 (hexadecimal format) with unspent outputs at the source address
OR
input a filename located in the current directory which contains the raw transaction data
(If the transaction data is over ~4000 characters long, you _must_ use a file.):

Transaction data found for source address.
TOTAL unspent amount for this raw transaction: 0.99891193 btc (998.91193 mbtc)

How many private keys will you be signing this transaction with? 
#: Key #1: Key #2: 
Enter fee rate.
Satoshis per vbyte: 
Based on the provided rate, the fee will be 0.00002210 btc (0.02210 mbtc).
Confirm? (y/n): 
Please enter the decimal amount (in bitcoin) to withdraw to the destination address.

Example: For 2.3 bitcoins, enter "2.3".

After a fee of 0.00002210 btc (0.02210 mbtc), you have 0.99888983 btc (998.88983 mbtc) available to withdraw.

*** Technical note for experienced Bitcoin users:  If the withdrawal amount & fee are cumulatively less than the total amount of the unspent transactions, the remainder will be sent back to the same cold storage address as change. ***

Amount to send to tb1qee3t5sd9ls6alawew56qqnucf44gj7taslg8xr (leave blank to withdraw all funds stored in these unspent transactions): 
Is this data correct?
*** WARNING: Incorrect data may lead to loss of funds ***

0.99891193 btc (998.91193 mbtc) in unspent supplied transactions
0 btc going back to cold storage address 2N93du8YobdgsHyu3qgBvSyhGUT52utMNeA
0.99888983 btc (998.88983 mbtc) going to destination address tb1qee3t5sd9ls6alawew56qqnucf44gj7taslg8xr
Fee amount: 0.00002210 btc (0.02210 mbtc)

Signing with private keys: 
cQCrT9Ncs9729ao7jbmAWrD9z7tF64s2yKzmD6nkiLAi9sXVZWAn
cP65UeSDZPiTLB6CBwasWv9oJYEjRgQXhswfwcT9HscEKDcEbgy4


Confirm? (y/n): 
Calculating transaction...


Sufficient private keys to execute transaction?
True

Raw signed transaction (hex):
02000000000101acab59a9723a3c6a278fa017efefbdbd150213a7158d0517369adcc6d4000e6e000000002322002065c863c750331cc03efb4daca217e7925cff87f5e9ca9927564234be0d6278e8ffffffff01572ff40500000000160014ce62ba41a5fc35dff5d97534004f984d6a89797d040047304402206c0c767c27522cf48bc9f3c3429be5b0d6810a9b807f9066d80faa27a814a16202205ad0086612d859ddfd64d5657079102dccc29da34b0b40261caaf68540b93bc40147304402201e9ba1a1a2d5486939fb1bcf34db18053f30e6b2d233ce1122288ba47e6cc73f02206fc9ba0994101c1704daa21aa01de6aa32aefd565ee3c58eab4c8e6a324d0ad3018b522103d14ddcfb6817f5579695bbb3eb3e185887bf2942b031e6f716343b8fe7e9e8e221028fcd46f8614b2cbf318096968242a1e22bcfb6d8f2b6dc939c8c27c347b2937b210315acb550120f4cdcb460d5c49080ab508ca4ccd8dedecac22feeac8cd017d4c121022b063ee2f22f9e1982c140fe778672c683111a796dcccdbd47bb65e3d608a98354ae00000000

Transaction fingerprint (md5):
44617a8b79be2d10a399e425e85073c1
QR code for transaction written to transaction.png
